// Jest Snapshot v1, https://goo.gl/fbAQLP

exports[`PriceList renders with price labels 1`] = `
<div>
  <div
    class="pgn__form-group"
  >
    <label
      class="pgn__form-label"
      for="prices.a-text-label"
    >
      <div
        class=""
      >
        <strong>
          A Price (USD)
        </strong>
        <div>
          <span
            class="text-muted"
          />
        </div>
      </div>
    </label>
    <div
      class="pgn__form-control-decorator-group"
    >
      <input
        class="form-control"
        id="prices.a-text-label"
        max="10000"
        maxlength=""
        min="1"
        name=""
        placeholder=""
        step="0.01"
        type="number"
        value=""
      />
    </div>
  </div>
  <div
    class="pgn__form-group"
  >
    <label
      class="pgn__form-label"
      for="prices.b-text-label"
    >
      <div
        class=""
      >
        <strong>
          B Price (USD)
        </strong>
        <div>
          <span
            class="text-muted"
          />
        </div>
      </div>
    </label>
    <div
      class="pgn__form-control-decorator-group"
    >
      <input
        class="form-control"
        id="prices.b-text-label"
        max="10000"
        maxlength=""
        min="1"
        name=""
        placeholder=""
        step="0.01"
        type="number"
        value=""
      />
    </div>
  </div>
</div>
`;

exports[`PriceList renders without any price labels 1`] = `<div />`;
