// Jest Snapshot v1, https://goo.gl/fbAQLP

exports[`RenderSelectField renders html for select field 1`] = `
ShallowWrapper {
  "length": 1,
  Symbol(enzyme.__root__): [Circular],
  Symbol(enzyme.__unrendered__): <asInput(t)
    className={Array []}
    dangerIconDescription=""
    disabled={false}
    inline={false}
    isValid={true}
    label="TestLabel"
    onBlur={[Function]}
    onChange={[Function]}
    onKeyPress={[Function]}
    options={
      Array [
        "one",
        "two",
        "three",
      ]
    }
    required={false}
    themes={
      Array [
        "danger",
      ]
    }
    validationMessage=""
    value=""
  />,
  Symbol(enzyme.__renderer__): Object {
    "batchedUpdates": [Function],
    "getNode": [Function],
    "render": [Function],
    "simulateEvent": [Function],
    "unmount": [Function],
  },
  Symbol(enzyme.__node__): Object {
    "instance": null,
    "key": undefined,
    "nodeType": "host",
    "props": Object {
      "children": Array [
        <label
          className=""
          htmlFor="asInput3"
          id="label-asInput3"
        >
          TestLabel
        </label>,
        <t
          className={
            Array [
              "form-control",
            ]
          }
          dangerIconDescription=""
          describedBy="error-asInput3"
          descriptionId="description-asInput3"
          disabled={false}
          errorId="error-asInput3"
          id="asInput3"
          inline={false}
          isValid={true}
          label="TestLabel"
          onBlur={[Function]}
          onChange={[Function]}
          onKeyPress={[Function]}
          options={
            Array [
              "one",
              "two",
              "three",
            ]
          }
          required={false}
          themes={
            Array [
              "danger",
            ]
          }
          validationMessage=""
          value=""
        />,
        false,
        <t
          className=""
          id="error-asInput3"
          invalidMessage=""
          isValid={true}
          variant={
            Object {
              "status": "DANGER",
            }
          }
          variantIconDescription=""
        />,
        undefined,
      ],
      "className": "form-group",
    },
    "ref": null,
    "rendered": Array [
      Object {
        "instance": null,
        "key": undefined,
        "nodeType": "host",
        "props": Object {
          "children": "TestLabel",
          "className": "",
          "htmlFor": "asInput3",
          "id": "label-asInput3",
        },
        "ref": null,
        "rendered": "TestLabel",
        "type": "label",
      },
      Object {
        "instance": null,
        "key": undefined,
        "nodeType": "class",
        "props": Object {
          "className": Array [
            "form-control",
          ],
          "dangerIconDescription": "",
          "describedBy": "error-asInput3",
          "description": undefined,
          "descriptionId": "description-asInput3",
          "disabled": false,
          "errorId": "error-asInput3",
          "id": "asInput3",
          "inline": false,
          "inputGroupAppend": undefined,
          "inputGroupPrepend": undefined,
          "isValid": true,
          "label": "TestLabel",
          "onBlur": [Function],
          "onChange": [Function],
          "onKeyPress": [Function],
          "options": Array [
            "one",
            "two",
            "three",
          ],
          "required": false,
          "themes": Array [
            "danger",
          ],
          "validationMessage": "",
          "validator": undefined,
          "value": "",
        },
        "ref": null,
        "rendered": null,
        "type": [Function],
      },
      false,
      Object {
        "instance": null,
        "key": undefined,
        "nodeType": "class",
        "props": Object {
          "className": "",
          "id": "error-asInput3",
          "invalidMessage": "",
          "isValid": true,
          "variant": Object {
            "status": "DANGER",
          },
          "variantIconDescription": "",
        },
        "ref": null,
        "rendered": null,
        "type": [Function],
      },
      undefined,
    ],
    "type": "div",
  },
  Symbol(enzyme.__nodes__): Array [
    Object {
      "instance": null,
      "key": undefined,
      "nodeType": "host",
      "props": Object {
        "children": Array [
          <label
            className=""
            htmlFor="asInput3"
            id="label-asInput3"
          >
            TestLabel
          </label>,
          <t
            className={
              Array [
                "form-control",
              ]
            }
            dangerIconDescription=""
            describedBy="error-asInput3"
            descriptionId="description-asInput3"
            disabled={false}
            errorId="error-asInput3"
            id="asInput3"
            inline={false}
            isValid={true}
            label="TestLabel"
            onBlur={[Function]}
            onChange={[Function]}
            onKeyPress={[Function]}
            options={
              Array [
                "one",
                "two",
                "three",
              ]
            }
            required={false}
            themes={
              Array [
                "danger",
              ]
            }
            validationMessage=""
            value=""
          />,
          false,
          <t
            className=""
            id="error-asInput3"
            invalidMessage=""
            isValid={true}
            variant={
              Object {
                "status": "DANGER",
              }
            }
            variantIconDescription=""
          />,
          undefined,
        ],
        "className": "form-group",
      },
      "ref": null,
      "rendered": Array [
        Object {
          "instance": null,
          "key": undefined,
          "nodeType": "host",
          "props": Object {
            "children": "TestLabel",
            "className": "",
            "htmlFor": "asInput3",
            "id": "label-asInput3",
          },
          "ref": null,
          "rendered": "TestLabel",
          "type": "label",
        },
        Object {
          "instance": null,
          "key": undefined,
          "nodeType": "class",
          "props": Object {
            "className": Array [
              "form-control",
            ],
            "dangerIconDescription": "",
            "describedBy": "error-asInput3",
            "description": undefined,
            "descriptionId": "description-asInput3",
            "disabled": false,
            "errorId": "error-asInput3",
            "id": "asInput3",
            "inline": false,
            "inputGroupAppend": undefined,
            "inputGroupPrepend": undefined,
            "isValid": true,
            "label": "TestLabel",
            "onBlur": [Function],
            "onChange": [Function],
            "onKeyPress": [Function],
            "options": Array [
              "one",
              "two",
              "three",
            ],
            "required": false,
            "themes": Array [
              "danger",
            ],
            "validationMessage": "",
            "validator": undefined,
            "value": "",
          },
          "ref": null,
          "rendered": null,
          "type": [Function],
        },
        false,
        Object {
          "instance": null,
          "key": undefined,
          "nodeType": "class",
          "props": Object {
            "className": "",
            "id": "error-asInput3",
            "invalidMessage": "",
            "isValid": true,
            "variant": Object {
              "status": "DANGER",
            },
            "variantIconDescription": "",
          },
          "ref": null,
          "rendered": null,
          "type": [Function],
        },
        undefined,
      ],
      "type": "div",
    },
  ],
  Symbol(enzyme.__options__): Object {
    "adapter": ReactSixteenAdapter {
      "options": Object {
        "enableComponentDidUpdateOnSetState": true,
      },
    },
  },
}
`;
