// Jest Snapshot v1, https://goo.gl/fbAQLP

exports[`RenderSelectField renders html for select field 1`] = `
<asInput(withDeprecatedProps(InputSelect))
  dangerIconDescription=""
  disabled={false}
  inline={false}
  isValid={true}
  label="TestLabel"
  name="Test"
  onBlur={[Function]}
  onChange={[Function]}
  onKeyPress={[Function]}
  options={
    Array [
      "one",
      "two",
      "three",
    ]
  }
  required={false}
  themes={
    Array [
      "danger",
    ]
  }
  validationMessage=""
  value=""
/>
`;
