// Jest Snapshot v1, https://goo.gl/fbAQLP

exports[`RenderSelectField renders html for select field 1`] = `
<div>
  <div
    class="pgn__form-group"
  >
    <label
      class="pgn__form-label"
      for="undefined-text-label"
    >
      TestLabel
    </label>
    <div
      class="pgn__form-control-decorator-group"
    >
      <select
        class="form-control"
        id="undefined-text-label"
        label="TestLabel"
        name="Test"
      >
        <option />
        <option />
        <option />
      </select>
    </div>
  </div>
</div>
`;
