// Jest Snapshot v1, https://goo.gl/fbAQLP

exports[`Social links renders correctly when given fields 1`] = `
<div>
  <div
    class="social-links mb-3"
  >
    <ul
      class="list-group p-0 m-0 container-fluid"
    />
    <button
      class="btn btn-outline-primary js-add-button mt-2"
      data-testid="js-add-button"
      type="button"
    >
      Add social link
    </button>
  </div>
</div>
`;

exports[`Social links renders correctly with no fields 1`] = `
<div>
  <div
    class="social-links mb-3"
  >
    <ul
      class="list-group p-0 m-0 container-fluid"
    />
    <button
      class="btn btn-outline-primary js-add-button mt-2"
      data-testid="js-add-button"
      type="button"
    >
      Add social link
    </button>
  </div>
</div>
`;
