// Jest Snapshot v1, https://goo.gl/fbAQLP

exports[`AdditionalMetadata Fields Display all fields 1`] = `
<div
  className="collapsible-card pgn_collapsible mt-4"
>
  <div
    className="collapsible-body"
  >
    <FieldLabel
      className="h3 font-weight-normal mb-3"
      extraText=""
      helpText=""
      id={null}
      optional={false}
      text="Additional Metadata Details"
    />
    <Field
      component={[Function]}
      disabled={false}
      label={
        <FieldLabel
          className=""
          extraText=""
          helpText=""
          id="external_url.label"
          optional={false}
          text="External landing page URL"
        />
      }
      name="additional_metadata.external_url"
      required={true}
    />
    <Field
      component={[Function]}
      disabled={false}
      label={
        <FieldLabel
          className=""
          extraText=""
          helpText=""
          id="external_identifier.label"
          optional={false}
          text="2U system identifier"
        />
      }
      name="additional_metadata.external_identifier"
      required={true}
    />
    <Field
      component={[Function]}
      disabled={false}
      label={
        <FieldLabel
          className=""
          extraText=""
          helpText=""
          id="lead_capture_form_url.label"
          optional={false}
          text="Lead capture form url"
        />
      }
      name="additional_metadata.lead_capture_form_url"
      required={true}
    />
    <Field
      component={[Function]}
      disabled={false}
      label={
        <FieldLabel
          className=""
          extraText=""
          helpText=""
          id="organic_url.label"
          optional={false}
          text="Organic URL"
        />
      }
      name="additional_metadata.organic_url"
      required={true}
    />
    <FieldLabel
      className="h3 font-weight-normal"
      extraText=""
      helpText=""
      id={null}
      optional={false}
      text="Fact 1"
    />
    <Field
      component={[Function]}
      disabled={false}
      label={
        <FieldLabel
          className=""
          extraText=""
          helpText=""
          id="facts.heading"
          optional={false}
          text="Heading"
        />
      }
      name="additional_metadata.facts_1_heading"
      required={true}
    />
    <Field
      component={[Function]}
      disabled={false}
      label={
        <FieldLabel
          className=""
          extraText=""
          helpText=""
          id="facts.blurb"
          optional={false}
          text="Description"
        />
      }
      name="additional_metadata.facts_1_blurb"
      required={true}
    />
    <FieldLabel
      className="h3 font-weight-normal"
      extraText=""
      helpText=""
      id={null}
      optional={false}
      text="Fact 2"
    />
    <Field
      component={[Function]}
      disabled={false}
      label={
        <FieldLabel
          className=""
          extraText=""
          helpText=""
          id="facts.heading"
          optional={false}
          text="Heading"
        />
      }
      name="additional_metadata.facts_2_heading"
      required={true}
    />
    <Field
      component={[Function]}
      disabled={false}
      label={
        <FieldLabel
          className=""
          extraText=""
          helpText=""
          id="facts.blurb"
          optional={false}
          text="Description"
        />
      }
      name="additional_metadata.facts_2_blurb"
      required={true}
    />
    <FieldLabel
      className="h3 font-weight-normal"
      extraText=""
      helpText=""
      id={null}
      optional={false}
      text="Certificate Information"
    />
    <Field
      component={[Function]}
      disabled={false}
      label={
        <FieldLabel
          className=""
          extraText=""
          helpText=""
          id="certificate-info.heading"
          optional={false}
          text="Heading"
        />
      }
      name="additional_metadata.certificate_info_heading"
      required={true}
    />
    <Field
      component={[Function]}
      disabled={false}
      label={
        <FieldLabel
          className=""
          extraText=""
          helpText=""
          id="certificate-info.blurb"
          optional={false}
          text="Description"
        />
      }
      name="additional_metadata.certificate_info_blurb"
      required={true}
    />
  </div>
</div>
`;
