// Jest Snapshot v1, https://goo.gl/fbAQLP

exports[`Header renders the correct header 1`] = `
ShallowWrapper {
  Symbol(enzyme.__root__): [Circular],
  Symbol(enzyme.__unrendered__): <Header
    username="test-username"
  />,
  Symbol(enzyme.__renderer__): Object {
    "batchedUpdates": [Function],
    "checkPropTypes": [Function],
    "getNode": [Function],
    "render": [Function],
    "simulateError": [Function],
    "simulateEvent": [Function],
    "unmount": [Function],
  },
  Symbol(enzyme.__node__): Object {
    "instance": null,
    "key": undefined,
    "nodeType": "host",
    "props": Object {
      "children": <div
        className="col-10 offset-1"
      >
        <header
          className="d-flex align-items-center p-3 border-bottom-blue"
        >
          <div
            className="col-md-auto"
          >
            <WithDeprecatedProps(Le)
              content={
                <img
                  alt="edX logo"
                  height="30"
                  src="edx-sm.png"
                  width="60"
                />
              }
            />
            <span
              className="badge badge-secondary beta"
            >
              Alpha
            </span>
          </div>
          <div
            className="col-md-auto"
          >
            <Link
              replace={false}
              to="/"
            >
              Courses
            </Link>
          </div>
          <div
            className="ml-auto"
          >
            <t
              buttonType="light"
              menuItems={
                Array [
                  <button
                    className=""
                    onClick={[Function]}
                  >
                    Sign Out
                  </button>,
                ]
              }
              title="test-username"
            />
          </div>
        </header>
      </div>,
      "className": "row mb-3",
    },
    "ref": null,
    "rendered": Object {
      "instance": null,
      "key": undefined,
      "nodeType": "host",
      "props": Object {
        "children": <header
          className="d-flex align-items-center p-3 border-bottom-blue"
        >
          <div
            className="col-md-auto"
          >
            <WithDeprecatedProps(Le)
              content={
                <img
                  alt="edX logo"
                  height="30"
                  src="edx-sm.png"
                  width="60"
                />
              }
            />
            <span
              className="badge badge-secondary beta"
            >
              Alpha
            </span>
          </div>
          <div
            className="col-md-auto"
          >
            <Link
              replace={false}
              to="/"
            >
              Courses
            </Link>
          </div>
          <div
            className="ml-auto"
          >
            <t
              buttonType="light"
              menuItems={
                Array [
                  <button
                    className=""
                    onClick={[Function]}
                  >
                    Sign Out
                  </button>,
                ]
              }
              title="test-username"
            />
          </div>
        </header>,
        "className": "col-10 offset-1",
      },
      "ref": null,
      "rendered": Object {
        "instance": null,
        "key": undefined,
        "nodeType": "host",
        "props": Object {
          "children": Array [
            <div
              className="col-md-auto"
            >
              <WithDeprecatedProps(Le)
                content={
                  <img
                    alt="edX logo"
                    height="30"
                    src="edx-sm.png"
                    width="60"
                  />
                }
              />
              <span
                className="badge badge-secondary beta"
              >
                Alpha
              </span>
            </div>,
            <div
              className="col-md-auto"
            >
              <Link
                replace={false}
                to="/"
              >
                Courses
              </Link>
            </div>,
            <div
              className="ml-auto"
            >
              <t
                buttonType="light"
                menuItems={
                  Array [
                    <button
                      className=""
                      onClick={[Function]}
                    >
                      Sign Out
                    </button>,
                  ]
                }
                title="test-username"
              />
            </div>,
          ],
          "className": "d-flex align-items-center p-3 border-bottom-blue",
        },
        "ref": null,
        "rendered": Array [
          Object {
            "instance": null,
            "key": undefined,
            "nodeType": "host",
            "props": Object {
              "children": Array [
                <WithDeprecatedProps(Le)
                  content={
                    <img
                      alt="edX logo"
                      height="30"
                      src="edx-sm.png"
                      width="60"
                    />
                  }
                />,
                <span
                  className="badge badge-secondary beta"
                >
                  Alpha
                </span>,
              ],
              "className": "col-md-auto",
            },
            "ref": null,
            "rendered": Array [
              Object {
                "instance": null,
                "key": undefined,
                "nodeType": "class",
                "props": Object {
                  "content": <img
                    alt="edX logo"
                    height="30"
                    src="edx-sm.png"
                    width="60"
                  />,
                  "destination": undefined,
                },
                "ref": null,
                "rendered": null,
                "type": [Function],
              },
              Object {
                "instance": null,
                "key": undefined,
                "nodeType": "host",
                "props": Object {
                  "children": "Alpha",
                  "className": "badge badge-secondary beta",
                },
                "ref": null,
                "rendered": "Alpha",
                "type": "span",
              },
            ],
            "type": "div",
          },
          Object {
            "instance": null,
            "key": undefined,
            "nodeType": "host",
            "props": Object {
              "children": <Link
                replace={false}
                to="/"
              >
                Courses
              </Link>,
              "className": "col-md-auto",
            },
            "ref": null,
            "rendered": Object {
              "instance": null,
              "key": undefined,
              "nodeType": "class",
              "props": Object {
                "children": "Courses",
                "replace": false,
                "to": "/",
              },
              "ref": null,
              "rendered": "Courses",
              "type": [Function],
            },
            "type": "div",
          },
          Object {
            "instance": null,
            "key": undefined,
            "nodeType": "host",
            "props": Object {
              "children": <t
                buttonType="light"
                menuItems={
                  Array [
                    <button
                      className=""
                      onClick={[Function]}
                    >
                      Sign Out
                    </button>,
                  ]
                }
                title="test-username"
              />,
              "className": "ml-auto",
            },
            "ref": null,
            "rendered": Object {
              "instance": null,
              "key": undefined,
              "nodeType": "class",
              "props": Object {
                "buttonType": "light",
                "iconElement": undefined,
                "menuItems": Array [
                  <button
                    className=""
                    onClick={[Function]}
                  >
                    Sign Out
                  </button>,
                ],
                "title": "test-username",
              },
              "ref": null,
              "rendered": null,
              "type": [Function],
            },
            "type": "div",
          },
        ],
        "type": "header",
      },
      "type": "div",
    },
    "type": "div",
  },
  Symbol(enzyme.__nodes__): Array [
    Object {
      "instance": null,
      "key": undefined,
      "nodeType": "host",
      "props": Object {
        "children": <div
          className="col-10 offset-1"
        >
          <header
            className="d-flex align-items-center p-3 border-bottom-blue"
          >
            <div
              className="col-md-auto"
            >
              <WithDeprecatedProps(Le)
                content={
                  <img
                    alt="edX logo"
                    height="30"
                    src="edx-sm.png"
                    width="60"
                  />
                }
              />
              <span
                className="badge badge-secondary beta"
              >
                Alpha
              </span>
            </div>
            <div
              className="col-md-auto"
            >
              <Link
                replace={false}
                to="/"
              >
                Courses
              </Link>
            </div>
            <div
              className="ml-auto"
            >
              <t
                buttonType="light"
                menuItems={
                  Array [
                    <button
                      className=""
                      onClick={[Function]}
                    >
                      Sign Out
                    </button>,
                  ]
                }
                title="test-username"
              />
            </div>
          </header>
        </div>,
        "className": "row mb-3",
      },
      "ref": null,
      "rendered": Object {
        "instance": null,
        "key": undefined,
        "nodeType": "host",
        "props": Object {
          "children": <header
            className="d-flex align-items-center p-3 border-bottom-blue"
          >
            <div
              className="col-md-auto"
            >
              <WithDeprecatedProps(Le)
                content={
                  <img
                    alt="edX logo"
                    height="30"
                    src="edx-sm.png"
                    width="60"
                  />
                }
              />
              <span
                className="badge badge-secondary beta"
              >
                Alpha
              </span>
            </div>
            <div
              className="col-md-auto"
            >
              <Link
                replace={false}
                to="/"
              >
                Courses
              </Link>
            </div>
            <div
              className="ml-auto"
            >
              <t
                buttonType="light"
                menuItems={
                  Array [
                    <button
                      className=""
                      onClick={[Function]}
                    >
                      Sign Out
                    </button>,
                  ]
                }
                title="test-username"
              />
            </div>
          </header>,
          "className": "col-10 offset-1",
        },
        "ref": null,
        "rendered": Object {
          "instance": null,
          "key": undefined,
          "nodeType": "host",
          "props": Object {
            "children": Array [
              <div
                className="col-md-auto"
              >
                <WithDeprecatedProps(Le)
                  content={
                    <img
                      alt="edX logo"
                      height="30"
                      src="edx-sm.png"
                      width="60"
                    />
                  }
                />
                <span
                  className="badge badge-secondary beta"
                >
                  Alpha
                </span>
              </div>,
              <div
                className="col-md-auto"
              >
                <Link
                  replace={false}
                  to="/"
                >
                  Courses
                </Link>
              </div>,
              <div
                className="ml-auto"
              >
                <t
                  buttonType="light"
                  menuItems={
                    Array [
                      <button
                        className=""
                        onClick={[Function]}
                      >
                        Sign Out
                      </button>,
                    ]
                  }
                  title="test-username"
                />
              </div>,
            ],
            "className": "d-flex align-items-center p-3 border-bottom-blue",
          },
          "ref": null,
          "rendered": Array [
            Object {
              "instance": null,
              "key": undefined,
              "nodeType": "host",
              "props": Object {
                "children": Array [
                  <WithDeprecatedProps(Le)
                    content={
                      <img
                        alt="edX logo"
                        height="30"
                        src="edx-sm.png"
                        width="60"
                      />
                    }
                  />,
                  <span
                    className="badge badge-secondary beta"
                  >
                    Alpha
                  </span>,
                ],
                "className": "col-md-auto",
              },
              "ref": null,
              "rendered": Array [
                Object {
                  "instance": null,
                  "key": undefined,
                  "nodeType": "class",
                  "props": Object {
                    "content": <img
                      alt="edX logo"
                      height="30"
                      src="edx-sm.png"
                      width="60"
                    />,
                    "destination": undefined,
                  },
                  "ref": null,
                  "rendered": null,
                  "type": [Function],
                },
                Object {
                  "instance": null,
                  "key": undefined,
                  "nodeType": "host",
                  "props": Object {
                    "children": "Alpha",
                    "className": "badge badge-secondary beta",
                  },
                  "ref": null,
                  "rendered": "Alpha",
                  "type": "span",
                },
              ],
              "type": "div",
            },
            Object {
              "instance": null,
              "key": undefined,
              "nodeType": "host",
              "props": Object {
                "children": <Link
                  replace={false}
                  to="/"
                >
                  Courses
                </Link>,
                "className": "col-md-auto",
              },
              "ref": null,
              "rendered": Object {
                "instance": null,
                "key": undefined,
                "nodeType": "class",
                "props": Object {
                  "children": "Courses",
                  "replace": false,
                  "to": "/",
                },
                "ref": null,
                "rendered": "Courses",
                "type": [Function],
              },
              "type": "div",
            },
            Object {
              "instance": null,
              "key": undefined,
              "nodeType": "host",
              "props": Object {
                "children": <t
                  buttonType="light"
                  menuItems={
                    Array [
                      <button
                        className=""
                        onClick={[Function]}
                      >
                        Sign Out
                      </button>,
                    ]
                  }
                  title="test-username"
                />,
                "className": "ml-auto",
              },
              "ref": null,
              "rendered": Object {
                "instance": null,
                "key": undefined,
                "nodeType": "class",
                "props": Object {
                  "buttonType": "light",
                  "iconElement": undefined,
                  "menuItems": Array [
                    <button
                      className=""
                      onClick={[Function]}
                    >
                      Sign Out
                    </button>,
                  ],
                  "title": "test-username",
                },
                "ref": null,
                "rendered": null,
                "type": [Function],
              },
              "type": "div",
            },
          ],
          "type": "header",
        },
        "type": "div",
      },
      "type": "div",
    },
  ],
  Symbol(enzyme.__options__): Object {
    "adapter": ReactSixteenAdapter {
      "options": Object {
        "enableComponentDidUpdateOnSetState": true,
        "legacyContextMode": "parent",
        "lifecycles": Object {
          "componentDidUpdate": Object {
            "onSetState": true,
          },
          "getChildContext": Object {
            "calledByRenderer": false,
          },
          "getDerivedStateFromProps": Object {
            "hasShouldComponentUpdateBug": false,
          },
          "getSnapshotBeforeUpdate": true,
          "setState": Object {
            "skipsComponentDidUpdateOnNullish": true,
          },
        },
      },
    },
  },
  Symbol(enzyme.__childContext__): null,
}
`;
