// Jest Snapshot v1, https://goo.gl/fbAQLP

exports[`CourseTable shows a table 1`] = `
ShallowWrapper {
  Symbol(enzyme.__root__): [Circular],
  Symbol(enzyme.__unrendered__): <CourseTable />,
  Symbol(enzyme.__renderer__): Object {
    "batchedUpdates": [Function],
    "checkPropTypes": [Function],
    "getNode": [Function],
    "render": [Function],
    "simulateError": [Function],
    "simulateEvent": [Function],
    "unmount": [Function],
  },
  Symbol(enzyme.__node__): Object {
    "instance": null,
    "key": undefined,
    "nodeType": "function",
    "props": Object {
      "className": "courses",
      "columns": Array [
        Object {
          "columnSortable": true,
          "key": "title",
          "label": "Course Name",
        },
        Object {
          "columnSortable": true,
          "key": "key",
          "label": "Course Number",
        },
        Object {
          "columnSortable": false,
          "key": "owners",
          "label": "Owner",
        },
        Object {
          "columnSortable": true,
          "key": "modified",
          "label": "Modified",
        },
      ],
      "fetchMethod": [Function],
      "formatData": [Function],
      "id": "courses",
      "tableSortable": true,
    },
    "ref": null,
    "rendered": null,
    "type": [Function],
  },
  Symbol(enzyme.__nodes__): Array [
    Object {
      "instance": null,
      "key": undefined,
      "nodeType": "function",
      "props": Object {
        "className": "courses",
        "columns": Array [
          Object {
            "columnSortable": true,
            "key": "title",
            "label": "Course Name",
          },
          Object {
            "columnSortable": true,
            "key": "key",
            "label": "Course Number",
          },
          Object {
            "columnSortable": false,
            "key": "owners",
            "label": "Owner",
          },
          Object {
            "columnSortable": true,
            "key": "modified",
            "label": "Modified",
          },
        ],
        "fetchMethod": [Function],
        "formatData": [Function],
        "id": "courses",
        "tableSortable": true,
      },
      "ref": null,
      "rendered": null,
      "type": [Function],
    },
  ],
  Symbol(enzyme.__options__): Object {
    "adapter": ReactSixteenAdapter {
      "options": Object {
        "enableComponentDidUpdateOnSetState": true,
        "legacyContextMode": "parent",
        "lifecycles": Object {
          "componentDidUpdate": Object {
            "onSetState": true,
          },
          "getChildContext": Object {
            "calledByRenderer": false,
          },
          "getDerivedStateFromProps": true,
          "getSnapshotBeforeUpdate": true,
          "setState": Object {
            "skipsComponentDidUpdateOnNullish": true,
          },
        },
      },
    },
  },
}
`;
