// Jest Snapshot v1, https://goo.gl/fbAQLP

exports[`CourseTable displays table and button when not blacklisted 1`] = `
<PageContainer
  className=""
  wide={true}
>
  <HelmetWrapper
    defer={true}
    encodeSpecialCharacters={true}
  >
    <title>
      Publisher | undefined
    </title>
  </HelmetWrapper>
  <div
    className="row"
  >
    <div
      className="col-2 float-left"
    >
      <ButtonToolbar
        className="mb-3"
        leftJustify={true}
      >
        <Link
          to="/courses/new"
        >
          <button
            className="btn btn-primary"
            type="button"
          >
            New Course
          </button>
        </Link>
      </ButtonToolbar>
    </div>
    <div
      className="col-5 float-right"
    >
      <StateManager
        closeMenuOnSelect={false}
        defaultInputValue=""
        defaultMenuIsOpen={false}
        defaultValue={null}
        isMulti={true}
        maxMenuHeight="30vh"
        onChange={[Function]}
        options={
          Array [
            Object {
              "label": "Course Run Statuses",
              "options": Array [
                Object {
                  "color": "#e7e7e7",
                  "label": "In review",
                  "value": "in_review",
                },
                Object {
                  "color": "#008100",
                  "label": "Published",
                  "value": "published",
                },
                Object {
                  "color": "#0075b4",
                  "label": "Scheduled",
                  "value": "reviewed",
                },
                Object {
                  "color": "#E2C018",
                  "label": "Unsubmitted",
                  "value": "unsubmitted",
                },
              ],
            },
          ]
        }
        placeholder="Filters..."
        styles={
          Object {
            "multiValue": [Function],
            "multiValueLabel": [Function],
            "option": [Function],
          }
        }
        value={Array []}
      />
    </div>
    <div
      className="col-5 float-right"
    >
      <SearchField
        icons={
          Object {
            "clear": <FontAwesomeIcon
              border={false}
              className=""
              fixedWidth={false}
              flip={null}
              icon={
                Object {
                  "icon": Array [
                    352,
                    512,
                    Array [],
                    "f00d",
                    "M242.72 256l100.07-100.07c12.28-12.28 12.28-32.19 0-44.48l-22.24-22.24c-12.28-12.28-32.19-12.28-44.48 0L176 189.28 75.93 89.21c-12.28-12.28-32.19-12.28-44.48 0L9.21 111.45c-12.28 12.28-12.28 32.19 0 44.48L109.28 256 9.21 356.07c-12.28 12.28-12.28 32.19 0 44.48l22.24 22.24c12.28 12.28 32.2 12.28 44.48 0L176 322.72l100.07 100.07c12.28 12.28 32.2 12.28 44.48 0l22.24-22.24c12.28-12.28 12.28-32.19 0-44.48L242.72 256z",
                  ],
                  "iconName": "times",
                  "prefix": "fas",
                }
              }
              inverse={false}
              listItem={false}
              mask={null}
              pull={null}
              pulse={false}
              rotation={null}
              size={null}
              spin={false}
              swapOpacity={false}
              symbol={false}
              title=""
              transform={null}
            />,
            "submit": <FontAwesomeIcon
              border={false}
              className=""
              fixedWidth={false}
              flip={null}
              icon={
                Object {
                  "icon": Array [
                    512,
                    512,
                    Array [],
                    "f002",
                    "M505 442.7L405.3 343c-4.5-4.5-10.6-7-17-7H372c27.6-35.3 44-79.7 44-128C416 93.1 322.9 0 208 0S0 93.1 0 208s93.1 208 208 208c48.3 0 92.7-16.4 128-44v16.3c0 6.4 2.5 12.5 7 17l99.7 99.7c9.4 9.4 24.6 9.4 33.9 0l28.3-28.3c9.4-9.4 9.4-24.6.1-34zM208 336c-70.7 0-128-57.2-128-128 0-70.7 57.2-128 128-128 70.7 0 128 57.2 128 128 0 70.7-57.2 128-128 128z",
                  ],
                  "iconName": "search",
                  "prefix": "fas",
                }
              }
              inverse={false}
              listItem={false}
              mask={null}
              pull={null}
              pulse={false}
              rotation={null}
              size={null}
              spin={false}
              swapOpacity={false}
              symbol={false}
              title=""
              transform={null}
            />,
          }
        }
        onBlur={[Function]}
        onChange={[Function]}
        onClear={[Function]}
        onFocus={[Function]}
        onSubmit={[Function]}
        placeholder="Search"
        screenReaderText={
          Object {
            "clearButton": "clear search",
            "label": "search",
            "submitButton": "submit search",
          }
        }
        value=""
      />
    </div>
  </div>
  <withRouter(Connect(TableComponent))
    className="courses"
    columns={
      Array [
        Object {
          "columnSortable": true,
          "key": "title",
          "label": "Course Name",
        },
        Object {
          "columnSortable": true,
          "key": "number",
          "label": "Course Number",
        },
        Object {
          "columnSortable": false,
          "key": "course_run_statuses",
          "label": "States",
        },
        Object {
          "columnSortable": false,
          "key": "course_editor_names",
          "label": "Course Editors",
        },
      ]
    }
    formatData={[Function]}
    tableSortable={true}
  />
</PageContainer>
`;

exports[`CourseTable displays table and button when user has no orgs 1`] = `
<PageContainer
  className=""
  wide={true}
>
  <HelmetWrapper
    defer={true}
    encodeSpecialCharacters={true}
  >
    <title>
      Publisher | undefined
    </title>
  </HelmetWrapper>
  <div
    className="row"
  >
    <div
      className="col-2 float-left"
    >
      <ButtonToolbar
        className="mb-3"
        leftJustify={true}
      >
        <Link
          to="/courses/new"
        >
          <button
            className="btn btn-primary"
            type="button"
          >
            New Course
          </button>
        </Link>
      </ButtonToolbar>
    </div>
    <div
      className="col-5 float-right"
    >
      <StateManager
        closeMenuOnSelect={false}
        defaultInputValue=""
        defaultMenuIsOpen={false}
        defaultValue={null}
        isMulti={true}
        maxMenuHeight="30vh"
        onChange={[Function]}
        options={
          Array [
            Object {
              "label": "Course Run Statuses",
              "options": Array [
                Object {
                  "color": "#e7e7e7",
                  "label": "In review",
                  "value": "in_review",
                },
                Object {
                  "color": "#008100",
                  "label": "Published",
                  "value": "published",
                },
                Object {
                  "color": "#0075b4",
                  "label": "Scheduled",
                  "value": "reviewed",
                },
                Object {
                  "color": "#E2C018",
                  "label": "Unsubmitted",
                  "value": "unsubmitted",
                },
              ],
            },
          ]
        }
        placeholder="Filters..."
        styles={
          Object {
            "multiValue": [Function],
            "multiValueLabel": [Function],
            "option": [Function],
          }
        }
        value={Array []}
      />
    </div>
    <div
      className="col-5 float-right"
    >
      <SearchField
        icons={
          Object {
            "clear": <FontAwesomeIcon
              border={false}
              className=""
              fixedWidth={false}
              flip={null}
              icon={
                Object {
                  "icon": Array [
                    352,
                    512,
                    Array [],
                    "f00d",
                    "M242.72 256l100.07-100.07c12.28-12.28 12.28-32.19 0-44.48l-22.24-22.24c-12.28-12.28-32.19-12.28-44.48 0L176 189.28 75.93 89.21c-12.28-12.28-32.19-12.28-44.48 0L9.21 111.45c-12.28 12.28-12.28 32.19 0 44.48L109.28 256 9.21 356.07c-12.28 12.28-12.28 32.19 0 44.48l22.24 22.24c12.28 12.28 32.2 12.28 44.48 0L176 322.72l100.07 100.07c12.28 12.28 32.2 12.28 44.48 0l22.24-22.24c12.28-12.28 12.28-32.19 0-44.48L242.72 256z",
                  ],
                  "iconName": "times",
                  "prefix": "fas",
                }
              }
              inverse={false}
              listItem={false}
              mask={null}
              pull={null}
              pulse={false}
              rotation={null}
              size={null}
              spin={false}
              swapOpacity={false}
              symbol={false}
              title=""
              transform={null}
            />,
            "submit": <FontAwesomeIcon
              border={false}
              className=""
              fixedWidth={false}
              flip={null}
              icon={
                Object {
                  "icon": Array [
                    512,
                    512,
                    Array [],
                    "f002",
                    "M505 442.7L405.3 343c-4.5-4.5-10.6-7-17-7H372c27.6-35.3 44-79.7 44-128C416 93.1 322.9 0 208 0S0 93.1 0 208s93.1 208 208 208c48.3 0 92.7-16.4 128-44v16.3c0 6.4 2.5 12.5 7 17l99.7 99.7c9.4 9.4 24.6 9.4 33.9 0l28.3-28.3c9.4-9.4 9.4-24.6.1-34zM208 336c-70.7 0-128-57.2-128-128 0-70.7 57.2-128 128-128 70.7 0 128 57.2 128 128 0 70.7-57.2 128-128 128z",
                  ],
                  "iconName": "search",
                  "prefix": "fas",
                }
              }
              inverse={false}
              listItem={false}
              mask={null}
              pull={null}
              pulse={false}
              rotation={null}
              size={null}
              spin={false}
              swapOpacity={false}
              symbol={false}
              title=""
              transform={null}
            />,
          }
        }
        onBlur={[Function]}
        onChange={[Function]}
        onClear={[Function]}
        onFocus={[Function]}
        onSubmit={[Function]}
        placeholder="Search"
        screenReaderText={
          Object {
            "clearButton": "clear search",
            "label": "search",
            "submitButton": "submit search",
          }
        }
        value=""
      />
    </div>
  </div>
  <withRouter(Connect(TableComponent))
    className="courses"
    columns={
      Array [
        Object {
          "columnSortable": true,
          "key": "title",
          "label": "Course Name",
        },
        Object {
          "columnSortable": true,
          "key": "number",
          "label": "Course Number",
        },
        Object {
          "columnSortable": false,
          "key": "course_run_statuses",
          "label": "States",
        },
        Object {
          "columnSortable": false,
          "key": "course_editor_names",
          "label": "Course Editors",
        },
      ]
    }
    formatData={[Function]}
    tableSortable={true}
  />
</PageContainer>
`;

exports[`CourseTable hides table and button when blacklisted 1`] = `
<PageContainer
  className=""
  wide={true}
>
  <HelmetWrapper
    defer={true}
    encodeSpecialCharacters={true}
  >
    <title>
      Publisher | undefined
    </title>
  </HelmetWrapper>
  <div
    className="row"
  >
    <div
      className="col-2 float-left"
    >
      <ButtonToolbar
        className="mb-3"
        leftJustify={true}
      >
        <Link
          to="/courses/new"
        >
          <button
            className="btn btn-primary"
            type="button"
          >
            New Course
          </button>
        </Link>
      </ButtonToolbar>
    </div>
    <div
      className="col-5 float-right"
    >
      <StateManager
        closeMenuOnSelect={false}
        defaultInputValue=""
        defaultMenuIsOpen={false}
        defaultValue={null}
        isMulti={true}
        maxMenuHeight="30vh"
        onChange={[Function]}
        options={
          Array [
            Object {
              "label": "Course Run Statuses",
              "options": Array [
                Object {
                  "color": "#e7e7e7",
                  "label": "In review",
                  "value": "in_review",
                },
                Object {
                  "color": "#008100",
                  "label": "Published",
                  "value": "published",
                },
                Object {
                  "color": "#0075b4",
                  "label": "Scheduled",
                  "value": "reviewed",
                },
                Object {
                  "color": "#E2C018",
                  "label": "Unsubmitted",
                  "value": "unsubmitted",
                },
              ],
            },
          ]
        }
        placeholder="Filters..."
        styles={
          Object {
            "multiValue": [Function],
            "multiValueLabel": [Function],
            "option": [Function],
          }
        }
        value={Array []}
      />
    </div>
    <div
      className="col-5 float-right"
    >
      <SearchField
        icons={
          Object {
            "clear": <FontAwesomeIcon
              border={false}
              className=""
              fixedWidth={false}
              flip={null}
              icon={
                Object {
                  "icon": Array [
                    352,
                    512,
                    Array [],
                    "f00d",
                    "M242.72 256l100.07-100.07c12.28-12.28 12.28-32.19 0-44.48l-22.24-22.24c-12.28-12.28-32.19-12.28-44.48 0L176 189.28 75.93 89.21c-12.28-12.28-32.19-12.28-44.48 0L9.21 111.45c-12.28 12.28-12.28 32.19 0 44.48L109.28 256 9.21 356.07c-12.28 12.28-12.28 32.19 0 44.48l22.24 22.24c12.28 12.28 32.2 12.28 44.48 0L176 322.72l100.07 100.07c12.28 12.28 32.2 12.28 44.48 0l22.24-22.24c12.28-12.28 12.28-32.19 0-44.48L242.72 256z",
                  ],
                  "iconName": "times",
                  "prefix": "fas",
                }
              }
              inverse={false}
              listItem={false}
              mask={null}
              pull={null}
              pulse={false}
              rotation={null}
              size={null}
              spin={false}
              swapOpacity={false}
              symbol={false}
              title=""
              transform={null}
            />,
            "submit": <FontAwesomeIcon
              border={false}
              className=""
              fixedWidth={false}
              flip={null}
              icon={
                Object {
                  "icon": Array [
                    512,
                    512,
                    Array [],
                    "f002",
                    "M505 442.7L405.3 343c-4.5-4.5-10.6-7-17-7H372c27.6-35.3 44-79.7 44-128C416 93.1 322.9 0 208 0S0 93.1 0 208s93.1 208 208 208c48.3 0 92.7-16.4 128-44v16.3c0 6.4 2.5 12.5 7 17l99.7 99.7c9.4 9.4 24.6 9.4 33.9 0l28.3-28.3c9.4-9.4 9.4-24.6.1-34zM208 336c-70.7 0-128-57.2-128-128 0-70.7 57.2-128 128-128 70.7 0 128 57.2 128 128 0 70.7-57.2 128-128 128z",
                  ],
                  "iconName": "search",
                  "prefix": "fas",
                }
              }
              inverse={false}
              listItem={false}
              mask={null}
              pull={null}
              pulse={false}
              rotation={null}
              size={null}
              spin={false}
              swapOpacity={false}
              symbol={false}
              title=""
              transform={null}
            />,
          }
        }
        onBlur={[Function]}
        onChange={[Function]}
        onClear={[Function]}
        onFocus={[Function]}
        onSubmit={[Function]}
        placeholder="Search"
        screenReaderText={
          Object {
            "clearButton": "clear search",
            "label": "search",
            "submitButton": "submit search",
          }
        }
        value=""
      />
    </div>
  </div>
  <withRouter(Connect(TableComponent))
    className="courses"
    columns={
      Array [
        Object {
          "columnSortable": true,
          "key": "title",
          "label": "Course Name",
        },
        Object {
          "columnSortable": true,
          "key": "number",
          "label": "Course Number",
        },
        Object {
          "columnSortable": false,
          "key": "course_run_statuses",
          "label": "States",
        },
        Object {
          "columnSortable": false,
          "key": "course_editor_names",
          "label": "Course Editors",
        },
      ]
    }
    formatData={[Function]}
    tableSortable={true}
  />
</PageContainer>
`;

exports[`CourseTable shows a table 1`] = `
<PageContainer
  className=""
  wide={true}
>
  <HelmetWrapper
    defer={true}
    encodeSpecialCharacters={true}
  >
    <title>
      Publisher | undefined
    </title>
  </HelmetWrapper>
  <div
    className="row"
  >
    <div
      className="col-2 float-left"
    >
      <ButtonToolbar
        className="mb-3"
        leftJustify={true}
      >
        <Link
          to="/courses/new"
        >
          <button
            className="btn btn-primary"
            type="button"
          >
            New Course
          </button>
        </Link>
      </ButtonToolbar>
    </div>
    <div
      className="col-5 float-right"
    >
      <StateManager
        closeMenuOnSelect={false}
        defaultInputValue=""
        defaultMenuIsOpen={false}
        defaultValue={null}
        isMulti={true}
        maxMenuHeight="30vh"
        onChange={[Function]}
        options={
          Array [
            Object {
              "label": "Course Run Statuses",
              "options": Array [
                Object {
                  "color": "#e7e7e7",
                  "label": "In review",
                  "value": "in_review",
                },
                Object {
                  "color": "#008100",
                  "label": "Published",
                  "value": "published",
                },
                Object {
                  "color": "#0075b4",
                  "label": "Scheduled",
                  "value": "reviewed",
                },
                Object {
                  "color": "#E2C018",
                  "label": "Unsubmitted",
                  "value": "unsubmitted",
                },
              ],
            },
          ]
        }
        placeholder="Filters..."
        styles={
          Object {
            "multiValue": [Function],
            "multiValueLabel": [Function],
            "option": [Function],
          }
        }
        value={Array []}
      />
    </div>
    <div
      className="col-5 float-right"
    >
      <SearchField
        icons={
          Object {
            "clear": <FontAwesomeIcon
              border={false}
              className=""
              fixedWidth={false}
              flip={null}
              icon={
                Object {
                  "icon": Array [
                    352,
                    512,
                    Array [],
                    "f00d",
                    "M242.72 256l100.07-100.07c12.28-12.28 12.28-32.19 0-44.48l-22.24-22.24c-12.28-12.28-32.19-12.28-44.48 0L176 189.28 75.93 89.21c-12.28-12.28-32.19-12.28-44.48 0L9.21 111.45c-12.28 12.28-12.28 32.19 0 44.48L109.28 256 9.21 356.07c-12.28 12.28-12.28 32.19 0 44.48l22.24 22.24c12.28 12.28 32.2 12.28 44.48 0L176 322.72l100.07 100.07c12.28 12.28 32.2 12.28 44.48 0l22.24-22.24c12.28-12.28 12.28-32.19 0-44.48L242.72 256z",
                  ],
                  "iconName": "times",
                  "prefix": "fas",
                }
              }
              inverse={false}
              listItem={false}
              mask={null}
              pull={null}
              pulse={false}
              rotation={null}
              size={null}
              spin={false}
              swapOpacity={false}
              symbol={false}
              title=""
              transform={null}
            />,
            "submit": <FontAwesomeIcon
              border={false}
              className=""
              fixedWidth={false}
              flip={null}
              icon={
                Object {
                  "icon": Array [
                    512,
                    512,
                    Array [],
                    "f002",
                    "M505 442.7L405.3 343c-4.5-4.5-10.6-7-17-7H372c27.6-35.3 44-79.7 44-128C416 93.1 322.9 0 208 0S0 93.1 0 208s93.1 208 208 208c48.3 0 92.7-16.4 128-44v16.3c0 6.4 2.5 12.5 7 17l99.7 99.7c9.4 9.4 24.6 9.4 33.9 0l28.3-28.3c9.4-9.4 9.4-24.6.1-34zM208 336c-70.7 0-128-57.2-128-128 0-70.7 57.2-128 128-128 70.7 0 128 57.2 128 128 0 70.7-57.2 128-128 128z",
                  ],
                  "iconName": "search",
                  "prefix": "fas",
                }
              }
              inverse={false}
              listItem={false}
              mask={null}
              pull={null}
              pulse={false}
              rotation={null}
              size={null}
              spin={false}
              swapOpacity={false}
              symbol={false}
              title=""
              transform={null}
            />,
          }
        }
        onBlur={[Function]}
        onChange={[Function]}
        onClear={[Function]}
        onFocus={[Function]}
        onSubmit={[Function]}
        placeholder="Search"
        screenReaderText={
          Object {
            "clearButton": "clear search",
            "label": "search",
            "submitButton": "submit search",
          }
        }
        value=""
      />
    </div>
  </div>
  <withRouter(Connect(TableComponent))
    className="courses"
    columns={
      Array [
        Object {
          "columnSortable": true,
          "key": "title",
          "label": "Course Name",
        },
        Object {
          "columnSortable": true,
          "key": "number",
          "label": "Course Number",
        },
        Object {
          "columnSortable": false,
          "key": "course_run_statuses",
          "label": "States",
        },
        Object {
          "columnSortable": false,
          "key": "course_editor_names",
          "label": "Course Editors",
        },
      ]
    }
    formatData={[Function]}
    tableSortable={true}
  />
</PageContainer>
`;
