// Jest Snapshot v1, https://goo.gl/fbAQLP

exports[`Staffer renders the staffer 1`] = `
ShallowWrapper {
  Symbol(enzyme.__root__): [Circular],
  Symbol(enzyme.__unrendered__): <Staffer
    courseUuid="11111111-1111-1111-1111-111111111111"
    disabled={false}
    onRemove={[MockFunction]}
    staffer={
      Object {
        "family_name": "Grohl",
        "given_name": "Dave",
        "profile_image_url": "/media/people/profile_images/2aba6189-ad7e-45a8-b269-bea071b80391-11df6812f839.png",
        "uuid": "2aba6189-ad7e-45a8-b269-bea071b80391",
      }
    }
  />,
  Symbol(enzyme.__renderer__): Object {
    "batchedUpdates": [Function],
    "checkPropTypes": [Function],
    "getNode": [Function],
    "render": [Function],
    "simulateError": [Function],
    "simulateEvent": [Function],
    "unmount": [Function],
  },
  Symbol(enzyme.__node__): Object {
    "instance": null,
    "key": undefined,
    "nodeType": "function",
    "props": Object {
      "children": Array [
        <div
          className="staffer-image-wrapper overflow-hidden"
        >
          <img
            alt=""
            className="rounded-circle w-25"
            src="/media/people/profile_images/2aba6189-ad7e-45a8-b269-bea071b80391-11df6812f839.png"
          />
        </div>,
        <div
          className="staffer-details"
        >
          <button
            className="btn js-delete-btn mr-1 p-0"
            disabled={false}
            onClick={[Function]}
            type="button"
          >
            <withDeprecatedProps(Icon)
              className="fa fa-trash fa-fw text-danger"
              id="delete-icon-2aba6189-ad7e-45a8-b269-bea071b80391"
              screenReaderText="Remove Dave Grohl"
            />
          </button>
          <Link
            className="btn mr-1 p-0"
            onClick={[Function]}
            replace={false}
            to="/instructors/2aba6189-ad7e-45a8-b269-bea071b80391"
          >
            <withDeprecatedProps(Icon)
              className="fa fa-edit fa-fw"
              id="edit-icon-2aba6189-ad7e-45a8-b269-bea071b80391"
              screenReaderText="Edit Dave Grohl"
              title="Edit"
            />
          </Link>
          <span
            className="name font-weight-bold"
          >
            Dave Grohl
          </span>
        </div>,
      ],
    },
    "ref": null,
    "rendered": Array [
      Object {
        "instance": null,
        "key": undefined,
        "nodeType": "host",
        "props": Object {
          "children": <img
            alt=""
            className="rounded-circle w-25"
            src="/media/people/profile_images/2aba6189-ad7e-45a8-b269-bea071b80391-11df6812f839.png"
          />,
          "className": "staffer-image-wrapper overflow-hidden",
        },
        "ref": null,
        "rendered": Object {
          "instance": null,
          "key": undefined,
          "nodeType": "host",
          "props": Object {
            "alt": "",
            "className": "rounded-circle w-25",
            "src": "/media/people/profile_images/2aba6189-ad7e-45a8-b269-bea071b80391-11df6812f839.png",
          },
          "ref": null,
          "rendered": null,
          "type": "img",
        },
        "type": "div",
      },
      Object {
        "instance": null,
        "key": undefined,
        "nodeType": "host",
        "props": Object {
          "children": Array [
            <button
              className="btn js-delete-btn mr-1 p-0"
              disabled={false}
              onClick={[Function]}
              type="button"
            >
              <withDeprecatedProps(Icon)
                className="fa fa-trash fa-fw text-danger"
                id="delete-icon-2aba6189-ad7e-45a8-b269-bea071b80391"
                screenReaderText="Remove Dave Grohl"
              />
            </button>,
            <Link
              className="btn mr-1 p-0"
              onClick={[Function]}
              replace={false}
              to="/instructors/2aba6189-ad7e-45a8-b269-bea071b80391"
            >
              <withDeprecatedProps(Icon)
                className="fa fa-edit fa-fw"
                id="edit-icon-2aba6189-ad7e-45a8-b269-bea071b80391"
                screenReaderText="Edit Dave Grohl"
                title="Edit"
              />
            </Link>,
            <span
              className="name font-weight-bold"
            >
              Dave Grohl
            </span>,
          ],
          "className": "staffer-details",
        },
        "ref": null,
        "rendered": Array [
          Object {
            "instance": null,
            "key": undefined,
            "nodeType": "host",
            "props": Object {
              "children": <withDeprecatedProps(Icon)
                className="fa fa-trash fa-fw text-danger"
                id="delete-icon-2aba6189-ad7e-45a8-b269-bea071b80391"
                screenReaderText="Remove Dave Grohl"
              />,
              "className": "btn js-delete-btn mr-1 p-0",
              "disabled": false,
              "onClick": [Function],
              "type": "button",
            },
            "ref": null,
            "rendered": Object {
              "instance": null,
              "key": undefined,
              "nodeType": "class",
              "props": Object {
                "className": "fa fa-trash fa-fw text-danger",
                "id": "delete-icon-2aba6189-ad7e-45a8-b269-bea071b80391",
                "screenReaderText": "Remove Dave Grohl",
              },
              "ref": null,
              "rendered": null,
              "type": [Function],
            },
            "type": "button",
          },
          Object {
            "instance": null,
            "key": undefined,
            "nodeType": "class",
            "props": Object {
              "children": <withDeprecatedProps(Icon)
                className="fa fa-edit fa-fw"
                id="edit-icon-2aba6189-ad7e-45a8-b269-bea071b80391"
                screenReaderText="Edit Dave Grohl"
                title="Edit"
              />,
              "className": "btn mr-1 p-0",
              "onClick": [Function],
              "replace": false,
              "to": "/instructors/2aba6189-ad7e-45a8-b269-bea071b80391",
            },
            "ref": null,
            "rendered": Object {
              "instance": null,
              "key": undefined,
              "nodeType": "class",
              "props": Object {
                "className": "fa fa-edit fa-fw",
                "id": "edit-icon-2aba6189-ad7e-45a8-b269-bea071b80391",
                "screenReaderText": "Edit Dave Grohl",
                "title": "Edit",
              },
              "ref": null,
              "rendered": null,
              "type": [Function],
            },
            "type": [Function],
          },
          Object {
            "instance": null,
            "key": undefined,
            "nodeType": "host",
            "props": Object {
              "children": "Dave Grohl",
              "className": "name font-weight-bold",
            },
            "ref": null,
            "rendered": "Dave Grohl",
            "type": "span",
          },
        ],
        "type": "div",
      },
    ],
    "type": Symbol(react.fragment),
  },
  Symbol(enzyme.__nodes__): Array [
    Object {
      "instance": null,
      "key": undefined,
      "nodeType": "function",
      "props": Object {
        "children": Array [
          <div
            className="staffer-image-wrapper overflow-hidden"
          >
            <img
              alt=""
              className="rounded-circle w-25"
              src="/media/people/profile_images/2aba6189-ad7e-45a8-b269-bea071b80391-11df6812f839.png"
            />
          </div>,
          <div
            className="staffer-details"
          >
            <button
              className="btn js-delete-btn mr-1 p-0"
              disabled={false}
              onClick={[Function]}
              type="button"
            >
              <withDeprecatedProps(Icon)
                className="fa fa-trash fa-fw text-danger"
                id="delete-icon-2aba6189-ad7e-45a8-b269-bea071b80391"
                screenReaderText="Remove Dave Grohl"
              />
            </button>
            <Link
              className="btn mr-1 p-0"
              onClick={[Function]}
              replace={false}
              to="/instructors/2aba6189-ad7e-45a8-b269-bea071b80391"
            >
              <withDeprecatedProps(Icon)
                className="fa fa-edit fa-fw"
                id="edit-icon-2aba6189-ad7e-45a8-b269-bea071b80391"
                screenReaderText="Edit Dave Grohl"
                title="Edit"
              />
            </Link>
            <span
              className="name font-weight-bold"
            >
              Dave Grohl
            </span>
          </div>,
        ],
      },
      "ref": null,
      "rendered": Array [
        Object {
          "instance": null,
          "key": undefined,
          "nodeType": "host",
          "props": Object {
            "children": <img
              alt=""
              className="rounded-circle w-25"
              src="/media/people/profile_images/2aba6189-ad7e-45a8-b269-bea071b80391-11df6812f839.png"
            />,
            "className": "staffer-image-wrapper overflow-hidden",
          },
          "ref": null,
          "rendered": Object {
            "instance": null,
            "key": undefined,
            "nodeType": "host",
            "props": Object {
              "alt": "",
              "className": "rounded-circle w-25",
              "src": "/media/people/profile_images/2aba6189-ad7e-45a8-b269-bea071b80391-11df6812f839.png",
            },
            "ref": null,
            "rendered": null,
            "type": "img",
          },
          "type": "div",
        },
        Object {
          "instance": null,
          "key": undefined,
          "nodeType": "host",
          "props": Object {
            "children": Array [
              <button
                className="btn js-delete-btn mr-1 p-0"
                disabled={false}
                onClick={[Function]}
                type="button"
              >
                <withDeprecatedProps(Icon)
                  className="fa fa-trash fa-fw text-danger"
                  id="delete-icon-2aba6189-ad7e-45a8-b269-bea071b80391"
                  screenReaderText="Remove Dave Grohl"
                />
              </button>,
              <Link
                className="btn mr-1 p-0"
                onClick={[Function]}
                replace={false}
                to="/instructors/2aba6189-ad7e-45a8-b269-bea071b80391"
              >
                <withDeprecatedProps(Icon)
                  className="fa fa-edit fa-fw"
                  id="edit-icon-2aba6189-ad7e-45a8-b269-bea071b80391"
                  screenReaderText="Edit Dave Grohl"
                  title="Edit"
                />
              </Link>,
              <span
                className="name font-weight-bold"
              >
                Dave Grohl
              </span>,
            ],
            "className": "staffer-details",
          },
          "ref": null,
          "rendered": Array [
            Object {
              "instance": null,
              "key": undefined,
              "nodeType": "host",
              "props": Object {
                "children": <withDeprecatedProps(Icon)
                  className="fa fa-trash fa-fw text-danger"
                  id="delete-icon-2aba6189-ad7e-45a8-b269-bea071b80391"
                  screenReaderText="Remove Dave Grohl"
                />,
                "className": "btn js-delete-btn mr-1 p-0",
                "disabled": false,
                "onClick": [Function],
                "type": "button",
              },
              "ref": null,
              "rendered": Object {
                "instance": null,
                "key": undefined,
                "nodeType": "class",
                "props": Object {
                  "className": "fa fa-trash fa-fw text-danger",
                  "id": "delete-icon-2aba6189-ad7e-45a8-b269-bea071b80391",
                  "screenReaderText": "Remove Dave Grohl",
                },
                "ref": null,
                "rendered": null,
                "type": [Function],
              },
              "type": "button",
            },
            Object {
              "instance": null,
              "key": undefined,
              "nodeType": "class",
              "props": Object {
                "children": <withDeprecatedProps(Icon)
                  className="fa fa-edit fa-fw"
                  id="edit-icon-2aba6189-ad7e-45a8-b269-bea071b80391"
                  screenReaderText="Edit Dave Grohl"
                  title="Edit"
                />,
                "className": "btn mr-1 p-0",
                "onClick": [Function],
                "replace": false,
                "to": "/instructors/2aba6189-ad7e-45a8-b269-bea071b80391",
              },
              "ref": null,
              "rendered": Object {
                "instance": null,
                "key": undefined,
                "nodeType": "class",
                "props": Object {
                  "className": "fa fa-edit fa-fw",
                  "id": "edit-icon-2aba6189-ad7e-45a8-b269-bea071b80391",
                  "screenReaderText": "Edit Dave Grohl",
                  "title": "Edit",
                },
                "ref": null,
                "rendered": null,
                "type": [Function],
              },
              "type": [Function],
            },
            Object {
              "instance": null,
              "key": undefined,
              "nodeType": "host",
              "props": Object {
                "children": "Dave Grohl",
                "className": "name font-weight-bold",
              },
              "ref": null,
              "rendered": "Dave Grohl",
              "type": "span",
            },
          ],
          "type": "div",
        },
      ],
      "type": Symbol(react.fragment),
    },
  ],
  Symbol(enzyme.__options__): Object {
    "adapter": ReactSixteenAdapter {
      "options": Object {
        "enableComponentDidUpdateOnSetState": true,
        "legacyContextMode": "parent",
        "lifecycles": Object {
          "componentDidUpdate": Object {
            "onSetState": true,
          },
          "getChildContext": Object {
            "calledByRenderer": false,
          },
          "getDerivedStateFromProps": Object {
            "hasShouldComponentUpdateBug": false,
          },
          "getSnapshotBeforeUpdate": true,
          "setState": Object {
            "skipsComponentDidUpdateOnNullish": true,
          },
        },
      },
    },
  },
}
`;
