// Jest Snapshot v1, https://goo.gl/fbAQLP

exports[`StatusAlert shows a status alert 1`] = `
<ForwardRef
  className=""
  closeLabel="Dismiss"
  dismissible={false}
  onClose={[Function]}
  show={true}
  stacked={false}
  transition={
    Object {
      "$$typeof": Symbol(react.forward_ref),
      "defaultProps": Object {
        "appear": false,
        "in": false,
        "mountOnEnter": false,
        "timeout": 300,
        "unmountOnExit": false,
      },
      "displayName": "Fade",
      "render": [Function],
    }
  }
  variant="Test"
>
  <div
    className="message"
  >
    <AlertHeading
      as={
        Object {
          "$$typeof": Symbol(react.forward_ref),
          "displayName": "DivStyledAsH4",
          "render": [Function],
        }
      }
      bsPrefix="alert-heading"
    />
    <p>
      Test Message
    </p>
  </div>
</ForwardRef>
`;
