// Jest Snapshot v1, https://goo.gl/fbAQLP

exports[`StatusAlert shows a status alert 1`] = `
<withDeprecatedProps(StatusAlert)
  alertType="Test"
  className=""
  dialog={
    <div
      className=""
    >
      <div
        className="message"
      >
        Test Message
      </div>
    </div>
  }
  dismissible={false}
  onClose={[Function]}
  open={true}
/>
`;
